
[1m[46m RUN [49m[22m [36mv4.0.18 [39m[90mC:/Users/U381954/DEX-V1[39m

 [32mΓ£ô[39m test/App.test.tsx [2m([22m[2m4 tests[22m[2m)[22m[32m 2[2mms[22m[39m
[90mstdout[2m | test/genAiService.test.ts[2m > [22m[2mGenAiService[2m > [22m[2mgenerateBriefing (fallback)[2m > [22m[2mshould return 3 cards when no API key is set
[22m[39mNo API Key found. Using Deterministic Fallback.

[90mstdout[2m | test/genAiService.test.ts[2m > [22m[2mGenAiService[2m > [22m[2mgenerateBriefing (fallback)[2m > [22m[2mshould return a greeting with the user first name
[22m[39mNo API Key found. Using Deterministic Fallback.

[90mstdout[2m | test/genAiService.test.ts[2m > [22m[2mGenAiService[2m > [22m[2mgenerateBriefing (fallback)[2m > [22m[2mshould filter cards by role category when available
[22m[39mNo API Key found. Using Deterministic Fallback.

 [32mΓ£ô[39m test/genAiService.test.ts [2m([22m[2m3 tests[22m[2m)[22m[32m 4[2mms[22m[39m
node.exe : [90mstderr[2m 
| test/useDailyContent.test
.tsx[2m > [22m[2museDail
yContent[2m > 
[22m[2mshould start in 
loading state
At line:1 char:1
+ & "C:\Program 
Files\nodejs/node.exe" 
"C:\Program 
Files\nodejs/node_mo ...
+ ~~~~~~~~~~~~~~~~~~~~~~~~~
~~~~~~~~~~~~~~~~~~~~~~~~~~~
~~~~~~~~~~~~~~~~~
    + CategoryInfo         
     : NotSpecified: ([9  
  0mstderr[2m...n loadi   
 ng state:String) [], R    
emoteException
    + FullyQualifiedErrorI 
   d : NativeCommandError
 
[22m[39mAn update to 
TestComponent inside a 
test was not wrapped in 
act(...).

When testing, code that 
causes React state updates 
should be wrapped into 
act(...):

act(() => {
  /* fire events that 
update state */
});
/* assert on the output */

This ensures that you're 
testing the behavior the 
user would see in the 
browser. Learn more at http
s://react.dev/link/wrap-tes
ts-with-act
An update to TestComponent 
inside a test was not 
wrapped in act(...).

When testing, code that 
causes React state updates 
should be wrapped into 
act(...):

act(() => {
  /* fire events that 
update state */
});
/* assert on the output */

This ensures that you're 
testing the behavior the 
user would see in the 
browser. Learn more at http
s://react.dev/link/wrap-tes
ts-with-act
An update to TestComponent 
inside a test was not 
wrapped in act(...).

When testing, code that 
causes React state updates 
should be wrapped into 
act(...):

act(() => {
  /* fire events that 
update state */
});
/* assert on the output */

This ensures that you're 
testing the behavior the 
user would see in the 
browser. Learn more at http
s://react.dev/link/wrap-tes
ts-with-act

 [32mΓ£ô[39m test/useDailyContent.test.tsx [2m([22m[2m3 tests[22m[2m)[22m[32m 235[2mms[22m[39m

[2m Test Files [22m [1m[32m3 passed[39m[22m[90m (3)[39m
[2m      Tests [22m [1m[32m10 passed[39m[22m[90m (10)[39m
[2m   Start at [22m 10:13:08
[2m   Duration [22m 1.21s[2m (transform 193ms, setup 291ms, import 260ms, tests 242ms, environment 1.74s)[22m

